[18:41:33] [+0:00:00] Cargando detector y dataset de la Fase 4 v4 ...
[18:43:43] [+0:02:09] Conjunto de prueba: 10,444 epicrisis (35.3% positivas)
[18:43:43] [+0:02:09] 
[18:43:43] [+0:02:09] Sensibilidad del VPP a cada metrica (prevalencia 6.53%):
[18:43:43] [+0:02:09]    sens 0.907 · esp 0.917 fija -> VPP 0.433
[18:43:43] [+0:02:09]    sens 0.950 · esp 0.917 fija -> VPP 0.444
[18:43:43] [+0:02:09]    sens 0.990 · esp 0.917 fija -> VPP 0.455
[18:43:43] [+0:02:09]    sens 1.000 · esp 0.917 fija -> VPP 0.457
[18:43:43] [+0:02:09]    sens 0.907 fija · esp 0.950 -> VPP 0.559
[18:43:43] [+0:02:09]    sens 0.907 fija · esp 0.970 -> VPP 0.679
[18:43:43] [+0:02:09]    sens 0.907 fija · esp 0.980 -> VPP 0.760
[18:43:43] [+0:02:09] 
[18:43:43] [+0:02:09] Barriendo el umbral de decision ...

====================================================================================
CURVA DE OPERACION DEL DETECTOR
====================================================================================
 umbral    sens     esp  VPP real  alertas/ano   /dia  captados  vs hoy
------------------------------------------------------------------------------------
   -0.0   0.907   0.917     0.433     70,429.0  193.0  30,526.0   2.14x
    0.3   0.821   0.955     0.558     49,503.0  136.0  27,628.0   1.94x
    0.6   0.705   0.977     0.680     34,911.0   96.0  23,724.0   1.66x
    0.9   0.555   0.991     0.804     23,238.0   64.0  18,678.0   1.31x
    1.2   0.381   0.997     0.887     14,465.0   40.0  12,827.0   0.90x
    1.5   0.237   0.998     0.910      8,747.0   24.0   7,963.0   0.56x
    1.8   0.122   0.999     0.905      4,523.0   12.0   4,096.0   0.29x
------------------------------------------------------------------------------------
PUNTO RECOMENDADO: umbral +1.1
  VPP 0.433 -> 0.869  (+0.435)
  Falsas alarmas: 39,903 -> 2,209 al ano
  Eventos captados: 14,609 (1.02x lo que se notifica hoy)

Total 0:02:09 -> T:\MIMIC\tesis\04_pipeline_codigo\datos_intermedios\fase4_v5
====================================================================================
